ASxxxx Linker V03.00 + NoICE + sdld,  page 1.
Hexadecimal  [32-Bits]

Area                                    Addr        Size        Decimal Bytes (Attributes)
--------------------------------        ----        ----        ------- ----- ------------
CABS                                00000000    00000000 =           0. bytes (ABS,CON,CODE)

      Value  Global                              Global Defined In Module
      -----  --------------------------------   ------------------------
C:   00000000  l_BIT_BANK                      
C:   00000000  l_BSEG                          
C:   00000000  l_BSEG_BYTES                    
C:   00000000  l_CABS                          
C:   00000000  l_GSINIT1                       
C:   00000000  l_GSINIT5                       
C:   00000000  l_IABS                          
C:   00000000  l_ISEG                          
C:   00000000  l_PSEG                          
C:   00000000  l_REG_BANK_1                    
C:   00000000  l_REG_BANK_2                    
C:   00000000  l_REG_BANK_3                    
C:   00000000  l_RSEG                          
C:   00000000  l_RSEG0                         
C:   00000000  l_RSEG1                         
C:   00000000  l_XABS                          
C:   00000000  l_XINIT                         
C:   00000000  l_XISEG                         
C:   00000000  l_XSEG                          
C:   00000000  l__CODE                         
C:   00000000  s_BSEG                          
C:   00000000  s_CABS                          
C:   00000000  s_DSEG                          
C:   00000000  s_HOME                          
C:   00000000  s_IABS                          
C:   00000000  s_ISEG                          
C:   00000000  s_REG_BANK_0                    
C:   00000000  s_RSEG                          
C:   00000000  s_RSEG0                         
C:   00000000  s_RSEG1                         
C:   00000000  s_XABS                          
C:   00000001  s_PSEG                          
C:   00000001  s_XISEG                         
C:   00000001  s_XSEG                          
C:   00000002  l_OSEG                          
C:   00000003  l_GSFINAL                       
C:   00000003  l_GSINIT0                       
C:   00000008  l_REG_BANK_0                    
C:   00000008  s_REG_BANK_1                    
C:   0000000A  l_CONST                         
C:   0000000A  l_GSINIT2                       
C:   00000010  s_OSEG                          
C:   00000010  s_REG_BANK_2                    
C:   00000012  s_SSEG                          
C:   00000018  l_GSINIT                        
C:   00000018  s_BIT_BANK                      
C:   00000018  s_REG_BANK_3                    
C:   00000020  s_BSEG_BYTES                    
C:   00000020  s__CODE                         
C:   00000021  l_HOME                          
ASxxxx Linker V03.00 + NoICE + sdld,  page 2.
Hexadecimal  [32-Bits]

Area                                    Addr        Size        Decimal Bytes (Attributes)
--------------------------------        ----        ----        ------- ----- ------------
CABS                                00000000    00000000 =           0. bytes (ABS,CON,CODE)

      Value  Global                              Global Defined In Module
      -----  --------------------------------   ------------------------
C:   00000021  s_GSINIT0                       
C:   00000022  l_GSINIT3                       
C:   00000024  s_GSINIT1                       
C:   00000024  s_GSINIT2                       
C:   0000002A  l_GSINIT4                       
C:   0000002E  s_GSINIT3                       
C:   00000050  s_GSINIT4                       
C:   0000006E  l_SSEG                          
C:   0000007A  s_GSINIT                        
C:   0000007A  s_GSINIT5                       
C:   00000080  l_DSEG                          
C:   00000080  l_IRAM                          
C:   00000092  s_GSFINAL                       
C:   00000095  s_CSEG                          
C:   000002F3  l_CSEG                          
C:   00000388  s_CONST                         
C:   00000392  s_XINIT                         

ASxxxx Linker V03.00 + NoICE + sdld,  page 3.
Hexadecimal  [32-Bits]

Area                                    Addr        Size        Decimal Bytes (Attributes)
--------------------------------        ----        ----        ------- ----- ------------
.  .ABS.                            00000000    00000000 =           0. bytes (ABS,CON)

      Value  Global                              Global Defined In Module
      -----  --------------------------------   ------------------------
     00000000  .__.ABS.                           _startup
     00000080  G$P0$0_0$0                         main
     00000080  G$P0_0$0_0$0                       main
     00000080  _P0                                main
     00000080  _P0_0                              main
     00000081  G$P0_1$0_0$0                       main
     00000081  G$SP$0_0$0                         main
     00000081  _P0_1                              main
     00000081  _SP                                main
     00000082  G$DPL$0_0$0                        main
     00000082  G$P0_2$0_0$0                       main
     00000082  _DPL                               main
     00000082  _P0_2                              main
     00000083  G$DPH$0_0$0                        main
     00000083  G$P0_3$0_0$0                       main
     00000083  _DPH                               main
     00000083  _P0_3                              main
     00000084  G$P0_4$0_0$0                       main
     00000084  _P0_4                              main
     00000085  G$P0_5$0_0$0                       main
     00000085  _P0_5                              main
     00000086  G$P0_6$0_0$0                       main
     00000086  _P0_6                              main
     00000087  G$P0_7$0_0$0                       main
     00000087  G$PCON$0_0$0                       main
     00000087  _P0_7                              main
     00000087  _PCON                              main
     00000088  G$IT0$0_0$0                        main
     00000088  G$TCON$0_0$0                       main
     00000088  _IT0                               main
     00000088  _TCON                              main
     00000089  G$IE0$0_0$0                        main
     00000089  G$TMOD$0_0$0                       main
     00000089  _IE0                               main
     00000089  _TMOD                              main
     0000008A  G$IT1$0_0$0                        main
     0000008A  G$TL0$0_0$0                        main
     0000008A  _IT1                               main
     0000008A  _TL0                               main
     0000008B  G$IE1$0_0$0                        main
     0000008B  G$TL1$0_0$0                        main
     0000008B  _IE1                               main
     0000008B  _TL1                               main
     0000008C  G$TH0$0_0$0                        main
     0000008C  G$TR0$0_0$0                        main
     0000008C  _TH0                               main
     0000008C  _TR0                               main
     0000008D  G$TF0$0_0$0                        main
     0000008D  G$TH1$0_0$0                        main
     0000008D  _TF0                               main
ASxxxx Linker V03.00 + NoICE + sdld,  page 4.
Hexadecimal  [32-Bits]

Area                                    Addr        Size        Decimal Bytes (Attributes)
--------------------------------        ----        ----        ------- ----- ------------
.  .ABS.                            00000000    00000000 =           0. bytes (ABS,CON)

      Value  Global                              Global Defined In Module
      -----  --------------------------------   ------------------------
     0000008D  _TH1                               main
     0000008E  G$TR1$0_0$0                        main
     0000008E  _TR1                               main
     0000008F  G$TF1$0_0$0                        main
     0000008F  _TF1                               main
     00000090  G$P1$0_0$0                         main
     00000090  G$P1_0$0_0$0                       main
     00000090  _P1                                main
     00000090  _P1_0                              main
     00000091  G$P1_1$0_0$0                       main
     00000091  _P1_1                              main
     00000092  G$P1_2$0_0$0                       main
     00000092  _P1_2                              main
     00000093  G$P1_3$0_0$0                       main
     00000093  _P1_3                              main
     00000094  G$P1_4$0_0$0                       main
     00000094  _P1_4                              main
     00000095  G$P1_5$0_0$0                       main
     00000095  _P1_5                              main
     00000096  G$P1_6$0_0$0                       main
     00000096  _P1_6                              main
     00000097  G$P1_7$0_0$0                       main
     00000097  _P1_7                              main
     00000098  G$RI$0_0$0                         main
     00000098  G$SCON$0_0$0                       main
     00000098  _RI                                main
     00000098  _SCON                              main
     00000099  G$SBUF$0_0$0                       main
     00000099  G$TI$0_0$0                         main
     00000099  _SBUF                              main
     00000099  _TI                                main
     0000009A  G$RB8$0_0$0                        main
     0000009A  _RB8                               main
     0000009B  G$TB8$0_0$0                        main
     0000009B  _TB8                               main
     0000009C  G$REN$0_0$0                        main
     0000009C  _REN                               main
     0000009D  G$SM2$0_0$0                        main
     0000009D  _SM2                               main
     0000009E  G$SM1$0_0$0                        main
     0000009E  _SM1                               main
     0000009F  G$SM0$0_0$0                        main
     0000009F  _SM0                               main
     000000A0  G$P2$0_0$0                         main
     000000A0  G$P2_0$0_0$0                       main
     000000A0  _P2                                main
     000000A0  _P2_0                              main
     000000A0  __XPAGE                            
     000000A1  G$P2_1$0_0$0                       main
     000000A1  _P2_1                              main
     000000A2  G$P2_2$0_0$0                       main
ASxxxx Linker V03.00 + NoICE + sdld,  page 5.
Hexadecimal  [32-Bits]

Area                                    Addr        Size        Decimal Bytes (Attributes)
--------------------------------        ----        ----        ------- ----- ------------
.  .ABS.                            00000000    00000000 =           0. bytes (ABS,CON)

      Value  Global                              Global Defined In Module
      -----  --------------------------------   ------------------------
     000000A2  _P2_2                              main
     000000A3  G$P2_3$0_0$0                       main
     000000A3  _P2_3                              main
     000000A4  G$P2_4$0_0$0                       main
     000000A4  _P2_4                              main
     000000A5  G$P2_5$0_0$0                       main
     000000A5  _P2_5                              main
     000000A6  G$P2_6$0_0$0                       main
     000000A6  _P2_6                              main
     000000A7  G$P2_7$0_0$0                       main
     000000A7  _P2_7                              main
     000000A8  G$EX0$0_0$0                        main
     000000A8  G$IE$0_0$0                         main
     000000A8  _EX0                               main
     000000A8  _IE                                main
     000000A9  G$ET0$0_0$0                        main
     000000A9  _ET0                               main
     000000AA  G$EX1$0_0$0                        main
     000000AA  _EX1                               main
     000000AB  G$ET1$0_0$0                        main
     000000AB  _ET1                               main
     000000AC  G$ES$0_0$0                         main
     000000AC  _ES                                main
     000000AF  G$EA$0_0$0                         main
     000000AF  _EA                                main
     000000B0  G$P3$0_0$0                         main
     000000B0  G$P3_0$0_0$0                       main
     000000B0  G$RXD$0_0$0                        main
     000000B0  _P3                                main
     000000B0  _P3_0                              main
     000000B0  _RXD                               main
     000000B1  G$P3_1$0_0$0                       main
     000000B1  G$TXD$0_0$0                        main
     000000B1  _P3_1                              main
     000000B1  _TXD                               main
     000000B2  G$INT0$0_0$0                       main
     000000B2  G$P3_2$0_0$0                       main
     000000B2  _INT0                              main
     000000B2  _P3_2                              main
     000000B3  G$INT1$0_0$0                       main
     000000B3  G$P3_3$0_0$0                       main
     000000B3  _INT1                              main
     000000B3  _P3_3                              main
     000000B4  G$P3_4$0_0$0                       main
     000000B4  G$T0$0_0$0                         main
     000000B4  _P3_4                              main
     000000B4  _T0                                main
     000000B5  G$P3_5$0_0$0                       main
     000000B5  G$T1$0_0$0                         main
     000000B5  _P3_5                              main
     000000B5  _T1                                main
ASxxxx Linker V03.00 + NoICE + sdld,  page 6.
Hexadecimal  [32-Bits]

Area                                    Addr        Size        Decimal Bytes (Attributes)
--------------------------------        ----        ----        ------- ----- ------------
.  .ABS.                            00000000    00000000 =           0. bytes (ABS,CON)

      Value  Global                              Global Defined In Module
      -----  --------------------------------   ------------------------
     000000B6  G$P3_6$0_0$0                       main
     000000B6  G$WR$0_0$0                         main
     000000B6  _P3_6                              main
     000000B6  _WR                                main
     000000B7  G$P3_7$0_0$0                       main
     000000B7  G$RD$0_0$0                         main
     000000B7  _P3_7                              main
     000000B7  _RD                                main
     000000B8  G$IP$0_0$0                         main
     000000B8  G$PX0$0_0$0                        main
     000000B8  _IP                                main
     000000B8  _PX0                               main
     000000B9  G$PT0$0_0$0                        main
     000000B9  _PT0                               main
     000000BA  G$PX1$0_0$0                        main
     000000BA  _PX1                               main
     000000BB  G$PT1$0_0$0                        main
     000000BB  _PT1                               main
     000000BC  G$PS$0_0$0                         main
     000000BC  _PS                                main
     000000D0  G$P$0_0$0                          main
     000000D0  G$PSW$0_0$0                        main
     000000D0  _P                                 main
     000000D0  _PSW                               main
     000000D1  G$F1$0_0$0                         main
     000000D1  _F1                                main
     000000D2  G$OV$0_0$0                         main
     000000D2  _OV                                main
     000000D3  G$RS0$0_0$0                        main
     000000D3  _RS0                               main
     000000D4  G$RS1$0_0$0                        main
     000000D4  _RS1                               main
     000000D5  G$F0$0_0$0                         main
     000000D5  _F0                                main
     000000D6  G$AC$0_0$0                         main
     000000D6  _AC                                main
     000000D7  G$CY$0_0$0                         main
     000000D7  _CY                                main
     000000E0  G$ACC$0_0$0                        main
     000000E0  _ACC                               main
     000000F0  G$B$0_0$0                          main
     000000F0  _B                                 main

ASxxxx Linker V03.00 + NoICE + sdld,  page 7.
Hexadecimal  [32-Bits]

Area                                    Addr        Size        Decimal Bytes (Attributes)
--------------------------------        ----        ----        ------- ----- ------------
REG_BANK_0                          00000000    00000008 =           8. bytes (REL,OVR)

      Value  Global                              Global Defined In Module
      -----  --------------------------------   ------------------------
ASxxxx Linker V03.00 + NoICE + sdld,  page 8.
Hexadecimal  [32-Bits]

Area                                    Addr        Size        Decimal Bytes (Attributes)
--------------------------------        ----        ----        ------- ----- ------------
DSEG                                00000000    00000080 =         128. bytes (REL,CON)

      Value  Global                              Global Defined In Module
      -----  --------------------------------   ------------------------
     00000008  G$PWM$0_0$0                        main
     00000008  _PWM                               main
     0000000A  G$count_prg$0_0$0                  main
     0000000A  _count_prg                         main
     0000000B  G$dig1$0_0$0                       main
     0000000B  _dig1                              main
     0000000C  G$dig2$0_0$0                       main
     0000000C  _dig2                              main
     0000000D  G$dig3$0_0$0                       main
     0000000D  _dig3                              main
     0000000E  G$power$0_0$0                      main
     0000000E  _power                             main
     0000000F  G$key_enable$0_0$0                 main
     0000000F  _key_enable                        main

ASxxxx Linker V03.00 + NoICE + sdld,  page 9.
Hexadecimal  [32-Bits]

Area                                    Addr        Size        Decimal Bytes (Attributes)
--------------------------------        ----        ----        ------- ----- ------------
OSEG                                00000010    00000002 =           2. bytes (REL,OVR)

      Value  Global                              Global Defined In Module
      -----  --------------------------------   ------------------------
     00000010  __divsint_PARM_2                   _divuint
     00000010  __divuint_PARM_2                   _divuint
     00000010  __modsint_PARM_2                   _moduint
     00000010  __moduint_PARM_2                   _moduint
     00000010  __mulint_PARM_2                    _mulint

ASxxxx Linker V03.00 + NoICE + sdld,  page 10.
Hexadecimal  [32-Bits]

Area                                    Addr        Size        Decimal Bytes (Attributes)
--------------------------------        ----        ----        ------- ----- ------------
SSEG                                00000012    0000006E =         110. bytes (REL,OVR)

      Value  Global                              Global Defined In Module
      -----  --------------------------------   ------------------------
     00000012  __start__stack                     main

ASxxxx Linker V03.00 + NoICE + sdld,  page 11.
Hexadecimal  [32-Bits]

Area                                    Addr        Size        Decimal Bytes (Attributes)
--------------------------------        ----        ----        ------- ----- ------------
HOME                                00000000    00000021 =          33. bytes (REL,CON,CODE)

      Value  Global                              Global Defined In Module
      -----  --------------------------------   ------------------------
C:   00000000  A$main$409                         main
C:   00000003  A$main$410                         main
C:   0000000B  A$main$412                         main
C:   00000013  A$main$414                         main
C:   0000001B  A$main$416                         main
C:   0000001E  A$main$460                         main
C:   0000001E  __sdcc_program_startup             main

ASxxxx Linker V03.00 + NoICE + sdld,  page 12.
Hexadecimal  [32-Bits]

Area                                    Addr        Size        Decimal Bytes (Attributes)
--------------------------------        ----        ----        ------- ----- ------------
GSINIT0                             00000021    00000003 =           3. bytes (REL,CON,CODE)

      Value  Global                              Global Defined In Module
      -----  --------------------------------   ------------------------
C:   00000021  __sdcc_gsinit_startup              

ASxxxx Linker V03.00 + NoICE + sdld,  page 13.
Hexadecimal  [32-Bits]

Area                                    Addr        Size        Decimal Bytes (Attributes)
--------------------------------        ----        ----        ------- ----- ------------
GSINIT2                             00000024    0000000A =          10. bytes (REL,CON,CODE)

      Value  Global                              Global Defined In Module
      -----  --------------------------------   ------------------------
ASxxxx Linker V03.00 + NoICE + sdld,  page 14.
Hexadecimal  [32-Bits]

Area                                    Addr        Size        Decimal Bytes (Attributes)
--------------------------------        ----        ----        ------- ----- ------------
GSINIT3                             0000002E    00000022 =          34. bytes (REL,CON,CODE)

      Value  Global                              Global Defined In Module
      -----  --------------------------------   ------------------------
C:   0000002E  __mcs51_genXINIT                   

ASxxxx Linker V03.00 + NoICE + sdld,  page 15.
Hexadecimal  [32-Bits]

Area                                    Addr        Size        Decimal Bytes (Attributes)
--------------------------------        ----        ----        ------- ----- ------------
GSINIT4                             00000050    0000002A =          42. bytes (REL,CON,CODE)

      Value  Global                              Global Defined In Module
      -----  --------------------------------   ------------------------
C:   00000050  __mcs51_genRAMCLEAR                
C:   00000056  __mcs51_genXRAMCLEAR               

ASxxxx Linker V03.00 + NoICE + sdld,  page 16.
Hexadecimal  [32-Bits]

Area                                    Addr        Size        Decimal Bytes (Attributes)
--------------------------------        ----        ----        ------- ----- ------------
GSINIT                              0000007A    00000018 =          24. bytes (REL,CON,CODE)

      Value  Global                              Global Defined In Module
      -----  --------------------------------   ------------------------
C:   0000007A  A$main$432                         main
C:   0000007A  C$main.c$15$1_0$17                 main
C:   0000007D  A$main$433                         main
C:   00000080  A$main$436                         main
C:   00000080  C$main.c$16$1_0$17                 main
C:   00000083  A$main$439                         main
C:   00000083  C$main.c$17$1_0$17                 main
C:   00000086  A$main$442                         main
C:   00000086  C$main.c$18$1_0$17                 main
C:   00000089  A$main$445                         main
C:   00000089  C$main.c$19$1_0$17                 main
C:   0000008C  A$main$448                         main
C:   0000008C  C$main.c$20$1_0$17                 main
C:   0000008F  A$main$451                         main
C:   0000008F  C$main.c$21$1_0$17                 main
ASxxxx Linker V03.00 + NoICE + sdld,  page 17.
Hexadecimal  [32-Bits]

Area                                    Addr        Size        Decimal Bytes (Attributes)
--------------------------------        ----        ----        ------- ----- ------------
GSFINAL                             00000092    00000003 =           3. bytes (REL,CON,CODE)

      Value  Global                              Global Defined In Module
      -----  --------------------------------   ------------------------
C:   00000092  A$main$453                         main

ASxxxx Linker V03.00 + NoICE + sdld,  page 18.
Hexadecimal  [32-Bits]

Area                                    Addr        Size        Decimal Bytes (Attributes)
--------------------------------        ----        ----        ------- ----- ------------
CSEG                                00000095    000002F3 =         755. bytes (REL,CON,CODE)

      Value  Global                              Global Defined In Module
      -----  --------------------------------   ------------------------
C:   00000095  A$main$486                         main
C:   00000095  C$main.c$25$0_0$2                  main
C:   00000095  C$main.c$28$1_0$2                  main
C:   00000095  G$show_dig$0$0                     main
C:   00000095  _show_dig                          main
C:   00000097  A$main$489                         main
C:   00000097  C$main.c$32$1_0$2                  main
C:   00000099  A$main$490                         main
C:   0000009B  A$main$491                         main
C:   0000009D  A$main$492                         main
C:   000000A0  A$main$496                         main
C:   000000A0  C$main.c$34$1_0$2                  main
C:   000000A2  A$main$497                         main
C:   000000A5  A$main$498                         main
C:   000000A7  A$main$499                         main
C:   000000A9  A$main$500                         main
C:   000000AB  A$main$503                         main
C:   000000AB  C$main.c$37$2_0$3                  main
C:   000000AE  A$main$507                         main
C:   000000AE  C$main.c$38$2_0$3                  main
C:   000000B0  A$main$511                         main
C:   000000B0  C$main.c$39$2_0$3                  main
C:   000000B2  A$main$515                         main
C:   000000B2  C$main.c$40$2_0$3                  main
C:   000000B4  A$main$518                         main
C:   000000B4  C$main.c$41$2_0$3                  main
C:   000000B6  A$main$519                         main
C:   000000B9  A$main$520                         main
C:   000000BA  A$main$521                         main
C:   000000BC  A$main$525                         main
C:   000000BC  C$main.c$44$1_0$2                  main
C:   000000BE  A$main$526                         main
C:   000000C1  A$main$527                         main
C:   000000C3  A$main$528                         main
C:   000000C5  A$main$529                         main
C:   000000C7  A$main$532                         main
C:   000000C7  C$main.c$46$2_0$4                  main
C:   000000CA  A$main$536                         main
C:   000000CA  C$main.c$47$2_0$4                  main
C:   000000CC  A$main$540                         main
C:   000000CC  C$main.c$48$2_0$4                  main
C:   000000CE  A$main$544                         main
C:   000000CE  C$main.c$49$2_0$4                  main
C:   000000D0  A$main$547                         main
C:   000000D0  C$main.c$50$2_0$4                  main
C:   000000D2  A$main$548                         main
C:   000000D5  A$main$549                         main
C:   000000D6  A$main$550                         main
C:   000000D8  A$main$554                         main
C:   000000D8  C$main.c$53$1_0$2                  main
ASxxxx Linker V03.00 + NoICE + sdld,  page 19.
Hexadecimal  [32-Bits]

Area                                    Addr        Size        Decimal Bytes (Attributes)
--------------------------------        ----        ----        ------- ----- ------------
CSEG                                00000095    000002F3 =         755. bytes (REL,CON,CODE)

      Value  Global                              Global Defined In Module
      -----  --------------------------------   ------------------------
C:   000000DA  A$main$557                         main
C:   000000DA  C$main.c$55$2_0$5                  main
C:   000000DC  A$main$558                         main
C:   000000DE  A$main$562                         main
C:   000000DE  C$main.c$56$2_0$5                  main
C:   000000E0  A$main$566                         main
C:   000000E0  C$main.c$57$2_0$5                  main
C:   000000E2  A$main$570                         main
C:   000000E2  C$main.c$58$2_0$5                  main
C:   000000E4  A$main$573                         main
C:   000000E4  C$main.c$59$2_0$5                  main
C:   000000E6  A$main$574                         main
C:   000000E9  A$main$575                         main
C:   000000EA  A$main$576                         main
C:   000000EC  A$main$582                         main
C:   000000EC  C$main.c$63$1_0$2                  main
C:   000000EC  XG$show_dig$0$0                    main
C:   000000ED  A$main$596                         main
C:   000000ED  C$main.c$65$1_0$7                  main
C:   000000ED  C$main.c$67$1_0$7                  main
C:   000000ED  G$timer0$0$0                       main
C:   000000ED  _timer0                            main
C:   000000EF  A$main$599                         main
C:   000000EF  C$main.c$68$1_0$7                  main
C:   000000F2  A$main$602                         main
C:   000000F2  C$main.c$69$1_0$7                  main
C:   000000F5  A$main$605                         main
C:   000000F5  C$main.c$70$1_0$7                  main
C:   000000F8  A$main$609                         main
C:   000000F8  C$main.c$71$1_0$7                  main
C:   000000FA  A$main$613                         main
C:   000000FA  C$main.c$72$1_0$7                  main
C:   000000FC  A$main$618                         main
C:   000000FC  C$main.c$73$1_0$7                  main
C:   000000FC  XG$timer0$0$0                      main
C:   000000FD  A$main$638                         main
C:   000000FD  C$main.c$75$1_0$9                  main
C:   000000FD  C$main.c$77$1_0$9                  main
C:   000000FD  G$timer1$0$0                       main
C:   000000FD  _timer1                            main
C:   000000FF  A$main$642                         main
C:   000000FF  C$main.c$78$1_0$9                  main
C:   00000101  A$main$647                         main
C:   00000101  C$main.c$80$1_0$9                  main
C:   00000101  XG$timer1$0$0                      main
C:   00000102  A$main$666                         main
C:   00000102  C$main.c$82$1_0$11                 main
C:   00000102  G$delay$0$0                        main
C:   00000102  _delay                             main
C:   00000104  A$main$670                         main
C:   00000104  C$main.c$84$1_0$11                 main
ASxxxx Linker V03.00 + NoICE + sdld,  page 20.
Hexadecimal  [32-Bits]

Area                                    Addr        Size        Decimal Bytes (Attributes)
--------------------------------        ----        ----        ------- ----- ------------
CSEG                                00000095    000002F3 =         755. bytes (REL,CON,CODE)

      Value  Global                              Global Defined In Module
      -----  --------------------------------   ------------------------
C:   00000106  A$main$671                         main
C:   00000107  A$main$672                         main
C:   00000108  A$main$673                         main
C:   0000010A  A$main$678                         main
C:   0000010A  C$main.c$85$1_0$11                 main
C:   0000010A  XG$delay$0$0                       main
C:   0000010B  A$main$692                         main
C:   0000010B  C$main.c$87$1_0$13                 main
C:   0000010B  G$delayms$0$0                      main
C:   0000010B  _delayms                           main
C:   0000010D  A$main$696                         main
C:   0000010D  C$main.c$91$1_0$13                 main
C:   0000010F  A$main$697                         main
C:   00000110  A$main$698                         main
C:   00000111  A$main$699                         main
C:   00000113  A$main$702                         main
C:   00000113  C$main.c$92$1_0$13                 main
C:   00000115  A$main$704                         main
C:   00000117  A$main$705                         main
C:   00000119  A$main$711                         main
C:   00000119  C$main.c$94$1_0$13                 main
C:   00000119  XG$delayms$0$0                     main
C:   0000011A  A$main$725                         main
C:   0000011A  C$main.c$102$1_0$17                main
C:   0000011A  C$main.c$98$1_0$17                 main
C:   0000011A  G$main$0$0                         main
C:   0000011A  _main                              main
C:   0000011C  A$main$728                         main
C:   0000011C  C$main.c$103$1_0$17                main
C:   0000011F  A$main$731                         main
C:   0000011F  C$main.c$104$1_0$17                main
C:   00000122  A$main$734                         main
C:   00000122  C$main.c$105$1_0$17                main
C:   00000125  A$main$737                         main
C:   00000125  C$main.c$106$1_0$17                main
C:   00000128  A$main$740                         main
C:   00000128  C$main.c$107$1_0$17                main
C:   0000012B  A$main$744                         main
C:   0000012B  C$main.c$109$1_0$17                main
C:   0000012D  A$main$748                         main
C:   0000012D  C$main.c$110$1_0$17                main
C:   0000012F  A$main$752                         main
C:   0000012F  C$main.c$111$1_0$17                main
C:   00000131  A$main$756                         main
C:   00000131  C$main.c$113$1_0$17                main
C:   00000133  A$main$762                         main
C:   00000133  C$main.c$115$1_0$17                main
C:   00000133  C$main.c$117$2_0$18                main
C:   00000136  A$main$765                         main
C:   00000136  C$main.c$118$2_0$18                main
C:   00000139  A$main$768                         main
ASxxxx Linker V03.00 + NoICE + sdld,  page 21.
Hexadecimal  [32-Bits]

Area                                    Addr        Size        Decimal Bytes (Attributes)
--------------------------------        ----        ----        ------- ----- ------------
CSEG                                00000095    000002F3 =         755. bytes (REL,CON,CODE)

      Value  Global                              Global Defined In Module
      -----  --------------------------------   ------------------------
C:   00000139  C$main.c$119$2_0$18                main
C:   0000013C  A$main$769                         main
C:   0000013F  A$main$773                         main
C:   0000013F  C$main.c$120$2_0$18                main
C:   00000142  A$main$774                         main
C:   00000145  A$main$778                         main
C:   00000145  C$main.c$123$3_0$19                main
C:   00000148  A$main$781                         main
C:   00000148  C$main.c$124$3_0$19                main
C:   0000014A  A$main$784                         main
C:   0000014A  C$main.c$125$3_0$19                main
C:   0000014C  A$main$785                         main
C:   0000014E  A$main$786                         main
C:   00000150  A$main$787                         main
C:   00000153  A$main$791                         main
C:   00000153  C$main.c$126$3_0$19                main
C:   00000155  A$main$792                         main
C:   00000158  A$main$793                         main
C:   0000015A  A$main$795                         main
C:   0000015C  A$main$796                         main
C:   0000015E  A$main$799                         main
C:   0000015E  C$main.c$129$4_0$20                main
C:   00000160  A$main$802                         main
C:   00000160  C$main.c$131$4_0$20                main
C:   00000162  A$main$803                         main
C:   00000164  A$main$804                         main
C:   00000167  A$main$806                         main
C:   00000169  A$main$807                         main
C:   0000016B  A$main$808                         main
C:   0000016D  A$main$809                         main
C:   0000016F  A$main$810                         main
C:   00000171  A$main$811                         main
C:   00000174  A$main$812                         main
C:   00000176  A$main$813                         main
C:   00000178  A$main$814                         main
C:   0000017A  A$main$815                         main
C:   0000017C  A$main$818                         main
C:   0000017C  C$main.c$132$1_0$17                main
C:   0000017F  A$main$819                         main
C:   00000182  A$main$820                         main
C:   00000184  A$main$821                         main
C:   00000186  A$main$822                         main
C:   00000188  A$main$823                         main
C:   0000018A  A$main$824                         main
C:   0000018D  A$main$825                         main
C:   00000190  A$main$826                         main
C:   00000193  A$main$827                         main
C:   00000196  A$main$828                         main
C:   00000198  A$main$829                         main
C:   0000019A  A$main$830                         main
C:   0000019C  A$main$831                         main
ASxxxx Linker V03.00 + NoICE + sdld,  page 22.
Hexadecimal  [32-Bits]

Area                                    Addr        Size        Decimal Bytes (Attributes)
--------------------------------        ----        ----        ------- ----- ------------
CSEG                                00000095    000002F3 =         755. bytes (REL,CON,CODE)

      Value  Global                              Global Defined In Module
      -----  --------------------------------   ------------------------
C:   0000019E  A$main$834                         main
C:   0000019E  C$main.c$133$1_0$17                main
C:   000001A1  A$main$835                         main
C:   000001A4  A$main$836                         main
C:   000001A6  A$main$837                         main
C:   000001A8  A$main$838                         main
C:   000001AA  A$main$839                         main
C:   000001AC  A$main$840                         main
C:   000001AF  A$main$841                         main
C:   000001B2  A$main$842                         main
C:   000001B5  A$main$843                         main
C:   000001B8  A$main$844                         main
C:   000001BA  A$main$845                         main
C:   000001BC  A$main$846                         main
C:   000001BE  A$main$847                         main
C:   000001C0  A$main$850                         main
C:   000001C0  C$main.c$134$1_0$17                main
C:   000001C2  A$main$851                         main
C:   000001C4  A$main$852                         main
C:   000001C7  A$main$853                         main
C:   000001CA  A$main$854                         main
C:   000001CD  A$main$855                         main
C:   000001D0  A$main$856                         main
C:   000001D3  A$main$857                         main
C:   000001D5  A$main$858                         main
C:   000001D8  A$main$859                         main
C:   000001DA  A$main$860                         main
C:   000001DC  A$main$861                         main
C:   000001DF  A$main$862                         main
C:   000001E2  A$main$866                         main
C:   000001E2  C$main.c$143$2_0$18                main
C:   000001E5  A$main$867                         main
C:   000001E8  A$main$871                         main
C:   000001E8  C$main.c$146$3_0$21                main
C:   000001EB  A$main$874                         main
C:   000001EB  C$main.c$147$3_0$21                main
C:   000001ED  A$main$877                         main
C:   000001ED  C$main.c$148$3_0$21                main
C:   000001EF  A$main$878                         main
C:   000001F1  A$main$879                         main
C:   000001F3  A$main$880                         main
C:   000001F6  A$main$884                         main
C:   000001F6  C$main.c$149$3_0$21                main
C:   000001F8  A$main$885                         main
C:   000001FA  A$main$886                         main
C:   000001FC  A$main$887                         main
C:   000001FE  A$main$890                         main
C:   000001FE  C$main.c$153$4_0$22                main
C:   00000200  A$main$893                         main
C:   00000200  C$main.c$156$4_0$22                main
C:   00000202  A$main$894                         main
ASxxxx Linker V03.00 + NoICE + sdld,  page 23.
Hexadecimal  [32-Bits]

Area                                    Addr        Size        Decimal Bytes (Attributes)
--------------------------------        ----        ----        ------- ----- ------------
CSEG                                00000095    000002F3 =         755. bytes (REL,CON,CODE)

      Value  Global                              Global Defined In Module
      -----  --------------------------------   ------------------------
C:   00000204  A$main$895                         main
C:   00000207  A$main$897                         main
C:   00000209  A$main$898                         main
C:   0000020B  A$main$899                         main
C:   0000020D  A$main$900                         main
C:   0000020F  A$main$901                         main
C:   00000211  A$main$902                         main
C:   00000214  A$main$903                         main
C:   00000216  A$main$904                         main
C:   00000218  A$main$905                         main
C:   0000021A  A$main$906                         main
C:   0000021C  A$main$909                         main
C:   0000021C  C$main.c$157$1_0$17                main
C:   0000021F  A$main$910                         main
C:   00000222  A$main$911                         main
C:   00000224  A$main$912                         main
C:   00000226  A$main$913                         main
C:   00000228  A$main$914                         main
C:   0000022A  A$main$915                         main
C:   0000022D  A$main$916                         main
C:   00000230  A$main$917                         main
C:   00000233  A$main$918                         main
C:   00000236  A$main$919                         main
C:   00000238  A$main$920                         main
C:   0000023A  A$main$921                         main
C:   0000023C  A$main$922                         main
C:   0000023E  A$main$925                         main
C:   0000023E  C$main.c$158$1_0$17                main
C:   00000241  A$main$926                         main
C:   00000244  A$main$927                         main
C:   00000246  A$main$928                         main
C:   00000248  A$main$929                         main
C:   0000024A  A$main$930                         main
C:   0000024C  A$main$931                         main
C:   0000024F  A$main$932                         main
C:   00000252  A$main$933                         main
C:   00000255  A$main$934                         main
C:   00000258  A$main$935                         main
C:   0000025A  A$main$936                         main
C:   0000025C  A$main$937                         main
C:   0000025E  A$main$938                         main
C:   00000260  A$main$941                         main
C:   00000260  C$main.c$159$1_0$17                main
C:   00000262  A$main$942                         main
C:   00000264  A$main$943                         main
C:   00000267  A$main$944                         main
C:   0000026A  A$main$945                         main
C:   0000026D  A$main$946                         main
C:   00000270  A$main$947                         main
C:   00000273  A$main$948                         main
C:   00000275  A$main$949                         main
ASxxxx Linker V03.00 + NoICE + sdld,  page 24.
Hexadecimal  [32-Bits]

Area                                    Addr        Size        Decimal Bytes (Attributes)
--------------------------------        ----        ----        ------- ----- ------------
CSEG                                00000095    000002F3 =         755. bytes (REL,CON,CODE)

      Value  Global                              Global Defined In Module
      -----  --------------------------------   ------------------------
C:   00000278  A$main$950                         main
C:   0000027A  A$main$951                         main
C:   0000027C  A$main$952                         main
C:   0000027F  A$main$953                         main
C:   00000282  A$main$958                         main
C:   00000282  C$main.c$166$1_0$17                main
C:   00000282  XG$main$0$0                        main
C:   00000283  __mulint                           _mulint
C:   00000283  __mulint_dummy                     _mulint
C:   000002A0  __moduint                          _moduint
C:   000002ED  __divuint                          _divuint
C:   00000316  __modsint                          _modsint
C:   0000034C  __divsint                          _divsint
C:   00000384  __sdcc_external_startup            _startup

ASxxxx Linker V03.00 + NoICE + sdld,  page 25.
Hexadecimal  [32-Bits]

Area                                    Addr        Size        Decimal Bytes (Attributes)
--------------------------------        ----        ----        ------- ----- ------------
CONST                               00000388    0000000A =          10. bytes (REL,CON,CODE)

      Value  Global                              Global Defined In Module
      -----  --------------------------------   ------------------------
C:   00000388  G$table$0_0$0                      main
C:   00000388  _table                             main

ASxxxx Linker V03.00 + NoICE + sdld,  page 26.

Files Linked                              [ module(s) ]

obj\Debug\main.rel                        [  ]


Libraries Linked                          [ object file ]

C:\Program Files\SDCC\bin\..\lib\small/mcs51.lib
                                          [ crtclear.rel ]
C:\Program Files\SDCC\bin\..\lib\small/mcs51.lib
                                          [ crtxinit.rel ]
C:\Program Files\SDCC\bin\..\lib\small/libint.lib
                                          [ _mulint.rel ]
C:\Program Files\SDCC\bin\..\lib\small/libint.lib
                                          [ _moduint.rel ]
C:\Program Files\SDCC\bin\..\lib\small/mcs51.lib
                                          [ crtxclear.rel ]
C:\Program Files\SDCC\bin\..\lib\small/libint.lib
                                          [ _divuint.rel ]
C:\Program Files\SDCC\bin\..\lib\small/mcs51.lib
                                          [ crtpagesfr.rel ]
C:\Program Files\SDCC\bin\..\lib\small/mcs51.lib
                                          [ crtstart.rel ]
C:\Program Files\SDCC\bin\..\lib\small/libint.lib
                                          [ _modsint.rel ]
C:\Program Files\SDCC\bin\..\lib\small/libint.lib
                                          [ _divsint.rel ]
C:\Program Files\SDCC\bin\..\lib\small/libsdcc.lib
                                          [ _startup.rel ]

ASxxxx Linker V03.00 + NoICE + sdld,  page 27.

User Base Address Definitions

HOME = 0x0000
XSEG = 0x0001
PSEG = 0x0001
ISEG = 0x0000
BSEG = 0x0000


